// Jest Snapshot v1, https://goo.gl/fbAQLP

exports[`Should render as expected Display home screen as expected 1`] = `
<div
  data-props="{}"
  data-testid="AuthBlueSsoBypass"
  name="AuthBlueSsoBypass"
>
  <main
    class="flex flex-column"
  >
    <div
      class="kycMainLogo"
    >
      <title>
        BypassedTestUser
      </title>
    </div>
    <div
      class="heading-5 dls-bright-blue margin-center"
    >
      translated string for id: HomePageBodyHeader
    </div>
  </main>
</div>
`;
