// Jest Snapshot v1, https://goo.gl/fbAQLP

exports[`appConfig should contain csp 1`] = `"report-uri https://example.com/_/report/security/csp-violation; block-all-mixed-content; default-src 'self' *.aexp.com *.americanexpress.com wss://*.americanexpress.com *.aexp-static.com; script-src 'self' *.aexp.com *.americanexpress.com *.aexp-static.com c.evidon.com; img-src 'self' *.aexp.com *.americanexpress.com *.aexp-static.com data: c.evidon.com; style-src 'unsafe-inline' *.aexp.com *.aexp-static.com; connect-src 'self' *.aexp.com *.americanexpress.com *.aexp-static.com c.evidon.com l.evidon.com optoutapi.evidon.com; manifest-src 'self' *.aexp.com *.americanexpress.com *.aexp-static.com; worker-src 'self' *.aexp.com *.americanexpress.com *.aexp-static.com; frame-ancestors none; frame-src none"`;
