// Jest Snapshot v1, https://goo.gl/fbAQLP

exports[`childRoutes should have the proper routes 1`] = `
Array [
  <ModuleRoute
    hasChildRoutes={false}
    moduleName="axp-intranet-identity"
  >
    <Route
      component={[Function]}
      path="/"
    />
    <Route
      component={[Function]}
      path="/application-properties"
    />
    <Route
      component={[Function]}
      path="/quartz"
    />
  </ModuleRoute>,
]
`;
