// Jest Snapshot v1, https://goo.gl/fbAQLP

exports[`Header should render as expected module should render correct JSX 1`] = `
<header
  className="nav nav-large nav-horizontal nav-header dls-bright-blue-bg dls-white"
  id="dls-nav"
  role="banner"
>
  <div
    className="nav-brand container pad-l"
  >
    <img
      alt="American Express"
      src="https://www.aexp-static.com/cdaas/one/statics/axp-static-assets/2.24.1/package/dist/img/logos/dls-logo-line-white.svg"
    />
    <span
      className="margin-1-l margin-1-r"
    >
      |
    </span>
    Welcome to One App
  </div>
</header>
`;
